--------------------------------------------------------------------------------------
Timing Analyzer Summary
--------------------------------------------------------------------------------------

Type           : Worst-case tsu
Slack          : N/A
Required Time  : None
Actual Time    : 6.207 ns
From           : AD_DB[6]
To             : AD:inst2|AD_OUT[6]
From Clock     : --
To Clock       : CLOCK
Failed Paths   : 0

Type           : Worst-case tco
Slack          : N/A
Required Time  : None
Actual Time    : 8.184 ns
From           : SIN:inst1|altsyncram:altsyncram_component|altsyncram_um81:auto_generated|q_a[5]
To             : DA_DB[5]
From Clock     : CLOCK
To Clock       : --
Failed Paths   : 0

Type           : Worst-case tpd
Slack          : N/A
Required Time  : None
Actual Time    : 7.321 ns
From           : CLOCK
To             : DA_CLK
From Clock     : --
To Clock       : --
Failed Paths   : 0

Type           : Worst-case th
Slack          : N/A
Required Time  : None
Actual Time    : 2.193 ns
From           : altera_internal_jtag~TMSUTAP
To             : sld_hub:sld_hub_inst|sld_shadow_jsm:shadow_jsm|tms_cnt[1]
From Clock     : --
To Clock       : altera_internal_jtag~TCKUTAP
Failed Paths   : 0

Type           : Clock Setup: 'altera_internal_jtag~TCKUTAP'
Slack          : N/A
Required Time  : None
Actual Time    : 87.73 MHz ( period = 11.398 ns )
From           : sld_signaltap:auto_signaltap_0|sld_signaltap_impl:sld_signaltap_body|sld_offload_buffer_mgr:\stp_non_zero_depth_offload_gen:stp_offload_buff_mgr_inst|lpm_shiftreg:info_data_shift_out|dffs[0]
To             : sld_hub:sld_hub_inst|tdo
From Clock     : altera_internal_jtag~TCKUTAP
To Clock       : altera_internal_jtag~TCKUTAP
Failed Paths   : 0

Type           : Clock Setup: 'CLOCK'
Slack          : N/A
Required Time  : None
Actual Time    : 133.49 MHz ( period = 7.491 ns )
From           : sld_signaltap:auto_signaltap_0|sld_signaltap_impl:sld_signaltap_body|sld_buffer_manager:sld_buffer_manager_inst|counter[9]
To             : sld_signaltap:auto_signaltap_0|sld_signaltap_impl:sld_signaltap_body|sld_buffer_manager:sld_buffer_manager_inst|\buffer_manager:next_address[10]
From Clock     : CLOCK
To Clock       : CLOCK
Failed Paths   : 0

Type           : Total number of failed paths
Slack          : 
Required Time  : 
Actual Time    : 
From           : 
To             : 
From Clock     : 
To Clock       : 
Failed Paths   : 0

--------------------------------------------------------------------------------------

